nodes
| test.js:8:14:8:45 | "Unknow ... rams.id |
| test.js:8:14:8:45 | "Unknow ... rams.id |
| test.js:8:33:8:45 | req.params.id |
| test.js:8:33:8:45 | req.params.id |
| test.js:17:12:17:39 | "Unknow ... rams.id |
| test.js:17:12:17:39 | "Unknow ... rams.id |
| test.js:17:31:17:39 | params.id |
| test.js:17:31:17:39 | params.id |
| test.js:22:12:22:19 | req.body |
| test.js:22:12:22:19 | req.body |
| test.js:22:12:22:19 | req.body |
| test.js:23:12:23:27 | marked(req.body) |
| test.js:23:12:23:27 | marked(req.body) |
| test.js:23:19:23:26 | req.body |
| test.js:23:19:23:26 | req.body |
| test.js:29:12:29:19 | req.body |
| test.js:29:12:29:19 | req.body |
| test.js:29:12:29:19 | req.body |
| test.js:30:7:33:4 | mytable |
| test.js:30:17:33:4 | table([ ... y]\\n  ]) |
| test.js:30:23:33:3 | [\\n    [ ... dy]\\n  ] |
| test.js:32:5:32:22 | ['body', req.body] |
| test.js:32:14:32:21 | req.body |
| test.js:32:14:32:21 | req.body |
| test.js:34:12:34:18 | mytable |
| test.js:34:12:34:18 | mytable |
| test.js:41:12:41:19 | req.body |
| test.js:41:12:41:19 | req.body |
| test.js:41:12:41:19 | req.body |
| test.js:42:12:42:39 | convert ... q.body) |
| test.js:42:12:42:39 | convert ... q.body) |
| test.js:42:31:42:38 | req.body |
| test.js:42:31:42:38 | req.body |
| test.js:56:12:56:19 | req.body |
| test.js:56:12:56:19 | req.body |
| test.js:56:12:56:19 | req.body |
| test.js:64:14:64:21 | req.body |
| test.js:64:14:64:21 | req.body |
| test.js:64:39:64:42 | file |
| test.js:65:16:65:19 | file |
| test.js:65:16:65:19 | file |
| test.js:68:12:68:41 | remark( ... q.body) |
| test.js:68:12:68:52 | remark( ... tring() |
| test.js:68:12:68:52 | remark( ... tring() |
| test.js:68:33:68:40 | req.body |
| test.js:68:33:68:40 | req.body |
| test.js:72:12:72:56 | unified ... q.body) |
| test.js:72:12:72:65 | unified ... oString |
| test.js:72:12:72:65 | unified ... oString |
| test.js:72:48:72:55 | req.body |
| test.js:72:48:72:55 | req.body |
| test.js:74:20:74:27 | req.body |
| test.js:74:20:74:27 | req.body |
| test.js:74:34:74:34 | f |
| test.js:75:14:75:14 | f |
| test.js:75:14:75:14 | f |
| test.js:83:12:83:19 | req.body |
| test.js:83:12:83:19 | req.body |
| test.js:83:12:83:19 | req.body |
| test.js:84:12:84:30 | snarkdown(req.body) |
| test.js:84:12:84:30 | snarkdown(req.body) |
| test.js:84:22:84:29 | req.body |
| test.js:84:22:84:29 | req.body |
| test.js:85:12:85:31 | snarkdown2(req.body) |
| test.js:85:12:85:31 | snarkdown2(req.body) |
| test.js:85:23:85:30 | req.body |
| test.js:85:23:85:30 | req.body |
| test.js:97:12:97:19 | req.body |
| test.js:97:12:97:19 | req.body |
| test.js:97:12:97:19 | req.body |
| test.js:98:12:98:38 | markdow ... q.body) |
| test.js:98:12:98:38 | markdow ... q.body) |
| test.js:98:30:98:37 | req.body |
| test.js:98:30:98:37 | req.body |
| test.js:100:12:100:39 | markdow ... q.body) |
| test.js:100:12:100:39 | markdow ... q.body) |
| test.js:100:31:100:38 | req.body |
| test.js:100:31:100:38 | req.body |
| test.js:103:12:103:84 | markdow ... q.body) |
| test.js:103:12:103:84 | markdow ... q.body) |
| test.js:103:76:103:83 | req.body |
| test.js:103:76:103:83 | req.body |
| test.js:110:16:110:30 | request.query.p |
| test.js:110:16:110:30 | request.query.p |
| test.js:110:16:110:30 | request.query.p |
edges
| test.js:8:33:8:45 | req.params.id | test.js:8:14:8:45 | "Unknow ... rams.id |
| test.js:8:33:8:45 | req.params.id | test.js:8:14:8:45 | "Unknow ... rams.id |
| test.js:8:33:8:45 | req.params.id | test.js:8:14:8:45 | "Unknow ... rams.id |
| test.js:8:33:8:45 | req.params.id | test.js:8:14:8:45 | "Unknow ... rams.id |
| test.js:17:31:17:39 | params.id | test.js:17:12:17:39 | "Unknow ... rams.id |
| test.js:17:31:17:39 | params.id | test.js:17:12:17:39 | "Unknow ... rams.id |
| test.js:17:31:17:39 | params.id | test.js:17:12:17:39 | "Unknow ... rams.id |
| test.js:17:31:17:39 | params.id | test.js:17:12:17:39 | "Unknow ... rams.id |
| test.js:22:12:22:19 | req.body | test.js:22:12:22:19 | req.body |
| test.js:23:19:23:26 | req.body | test.js:23:12:23:27 | marked(req.body) |
| test.js:23:19:23:26 | req.body | test.js:23:12:23:27 | marked(req.body) |
| test.js:23:19:23:26 | req.body | test.js:23:12:23:27 | marked(req.body) |
| test.js:23:19:23:26 | req.body | test.js:23:12:23:27 | marked(req.body) |
| test.js:29:12:29:19 | req.body | test.js:29:12:29:19 | req.body |
| test.js:30:7:33:4 | mytable | test.js:34:12:34:18 | mytable |
| test.js:30:7:33:4 | mytable | test.js:34:12:34:18 | mytable |
| test.js:30:17:33:4 | table([ ... y]\\n  ]) | test.js:30:7:33:4 | mytable |
| test.js:30:23:33:3 | [\\n    [ ... dy]\\n  ] | test.js:30:17:33:4 | table([ ... y]\\n  ]) |
| test.js:32:5:32:22 | ['body', req.body] | test.js:30:23:33:3 | [\\n    [ ... dy]\\n  ] |
| test.js:32:14:32:21 | req.body | test.js:32:5:32:22 | ['body', req.body] |
| test.js:32:14:32:21 | req.body | test.js:32:5:32:22 | ['body', req.body] |
| test.js:41:12:41:19 | req.body | test.js:41:12:41:19 | req.body |
| test.js:42:31:42:38 | req.body | test.js:42:12:42:39 | convert ... q.body) |
| test.js:42:31:42:38 | req.body | test.js:42:12:42:39 | convert ... q.body) |
| test.js:42:31:42:38 | req.body | test.js:42:12:42:39 | convert ... q.body) |
| test.js:42:31:42:38 | req.body | test.js:42:12:42:39 | convert ... q.body) |
| test.js:56:12:56:19 | req.body | test.js:56:12:56:19 | req.body |
| test.js:64:14:64:21 | req.body | test.js:64:39:64:42 | file |
| test.js:64:14:64:21 | req.body | test.js:64:39:64:42 | file |
| test.js:64:39:64:42 | file | test.js:65:16:65:19 | file |
| test.js:64:39:64:42 | file | test.js:65:16:65:19 | file |
| test.js:68:12:68:41 | remark( ... q.body) | test.js:68:12:68:52 | remark( ... tring() |
| test.js:68:12:68:41 | remark( ... q.body) | test.js:68:12:68:52 | remark( ... tring() |
| test.js:68:33:68:40 | req.body | test.js:68:12:68:41 | remark( ... q.body) |
| test.js:68:33:68:40 | req.body | test.js:68:12:68:41 | remark( ... q.body) |
| test.js:72:12:72:56 | unified ... q.body) | test.js:72:12:72:65 | unified ... oString |
| test.js:72:12:72:56 | unified ... q.body) | test.js:72:12:72:65 | unified ... oString |
| test.js:72:48:72:55 | req.body | test.js:72:12:72:56 | unified ... q.body) |
| test.js:72:48:72:55 | req.body | test.js:72:12:72:56 | unified ... q.body) |
| test.js:74:20:74:27 | req.body | test.js:74:34:74:34 | f |
| test.js:74:20:74:27 | req.body | test.js:74:34:74:34 | f |
| test.js:74:34:74:34 | f | test.js:75:14:75:14 | f |
| test.js:74:34:74:34 | f | test.js:75:14:75:14 | f |
| test.js:83:12:83:19 | req.body | test.js:83:12:83:19 | req.body |
| test.js:84:22:84:29 | req.body | test.js:84:12:84:30 | snarkdown(req.body) |
| test.js:84:22:84:29 | req.body | test.js:84:12:84:30 | snarkdown(req.body) |
| test.js:84:22:84:29 | req.body | test.js:84:12:84:30 | snarkdown(req.body) |
| test.js:84:22:84:29 | req.body | test.js:84:12:84:30 | snarkdown(req.body) |
| test.js:85:23:85:30 | req.body | test.js:85:12:85:31 | snarkdown2(req.body) |
| test.js:85:23:85:30 | req.body | test.js:85:12:85:31 | snarkdown2(req.body) |
| test.js:85:23:85:30 | req.body | test.js:85:12:85:31 | snarkdown2(req.body) |
| test.js:85:23:85:30 | req.body | test.js:85:12:85:31 | snarkdown2(req.body) |
| test.js:97:12:97:19 | req.body | test.js:97:12:97:19 | req.body |
| test.js:98:30:98:37 | req.body | test.js:98:12:98:38 | markdow ... q.body) |
| test.js:98:30:98:37 | req.body | test.js:98:12:98:38 | markdow ... q.body) |
| test.js:98:30:98:37 | req.body | test.js:98:12:98:38 | markdow ... q.body) |
| test.js:98:30:98:37 | req.body | test.js:98:12:98:38 | markdow ... q.body) |
| test.js:100:31:100:38 | req.body | test.js:100:12:100:39 | markdow ... q.body) |
| test.js:100:31:100:38 | req.body | test.js:100:12:100:39 | markdow ... q.body) |
| test.js:100:31:100:38 | req.body | test.js:100:12:100:39 | markdow ... q.body) |
| test.js:100:31:100:38 | req.body | test.js:100:12:100:39 | markdow ... q.body) |
| test.js:103:76:103:83 | req.body | test.js:103:12:103:84 | markdow ... q.body) |
| test.js:103:76:103:83 | req.body | test.js:103:12:103:84 | markdow ... q.body) |
| test.js:103:76:103:83 | req.body | test.js:103:12:103:84 | markdow ... q.body) |
| test.js:103:76:103:83 | req.body | test.js:103:12:103:84 | markdow ... q.body) |
| test.js:110:16:110:30 | request.query.p | test.js:110:16:110:30 | request.query.p |
#select
| test.js:8:14:8:45 | "Unknow ... rams.id | test.js:8:33:8:45 | req.params.id | test.js:8:14:8:45 | "Unknow ... rams.id | Cross-site scripting vulnerability due to $@. | test.js:8:33:8:45 | req.params.id | user-provided value |
| test.js:17:12:17:39 | "Unknow ... rams.id | test.js:17:31:17:39 | params.id | test.js:17:12:17:39 | "Unknow ... rams.id | Cross-site scripting vulnerability due to $@. | test.js:17:31:17:39 | params.id | user-provided value |
| test.js:22:12:22:19 | req.body | test.js:22:12:22:19 | req.body | test.js:22:12:22:19 | req.body | Cross-site scripting vulnerability due to $@. | test.js:22:12:22:19 | req.body | user-provided value |
| test.js:23:12:23:27 | marked(req.body) | test.js:23:19:23:26 | req.body | test.js:23:12:23:27 | marked(req.body) | Cross-site scripting vulnerability due to $@. | test.js:23:19:23:26 | req.body | user-provided value |
| test.js:29:12:29:19 | req.body | test.js:29:12:29:19 | req.body | test.js:29:12:29:19 | req.body | Cross-site scripting vulnerability due to $@. | test.js:29:12:29:19 | req.body | user-provided value |
| test.js:34:12:34:18 | mytable | test.js:32:14:32:21 | req.body | test.js:34:12:34:18 | mytable | Cross-site scripting vulnerability due to $@. | test.js:32:14:32:21 | req.body | user-provided value |
| test.js:41:12:41:19 | req.body | test.js:41:12:41:19 | req.body | test.js:41:12:41:19 | req.body | Cross-site scripting vulnerability due to $@. | test.js:41:12:41:19 | req.body | user-provided value |
| test.js:42:12:42:39 | convert ... q.body) | test.js:42:31:42:38 | req.body | test.js:42:12:42:39 | convert ... q.body) | Cross-site scripting vulnerability due to $@. | test.js:42:31:42:38 | req.body | user-provided value |
| test.js:56:12:56:19 | req.body | test.js:56:12:56:19 | req.body | test.js:56:12:56:19 | req.body | Cross-site scripting vulnerability due to $@. | test.js:56:12:56:19 | req.body | user-provided value |
| test.js:65:16:65:19 | file | test.js:64:14:64:21 | req.body | test.js:65:16:65:19 | file | Cross-site scripting vulnerability due to $@. | test.js:64:14:64:21 | req.body | user-provided value |
| test.js:68:12:68:52 | remark( ... tring() | test.js:68:33:68:40 | req.body | test.js:68:12:68:52 | remark( ... tring() | Cross-site scripting vulnerability due to $@. | test.js:68:33:68:40 | req.body | user-provided value |
| test.js:72:12:72:65 | unified ... oString | test.js:72:48:72:55 | req.body | test.js:72:12:72:65 | unified ... oString | Cross-site scripting vulnerability due to $@. | test.js:72:48:72:55 | req.body | user-provided value |
| test.js:75:14:75:14 | f | test.js:74:20:74:27 | req.body | test.js:75:14:75:14 | f | Cross-site scripting vulnerability due to $@. | test.js:74:20:74:27 | req.body | user-provided value |
| test.js:83:12:83:19 | req.body | test.js:83:12:83:19 | req.body | test.js:83:12:83:19 | req.body | Cross-site scripting vulnerability due to $@. | test.js:83:12:83:19 | req.body | user-provided value |
| test.js:84:12:84:30 | snarkdown(req.body) | test.js:84:22:84:29 | req.body | test.js:84:12:84:30 | snarkdown(req.body) | Cross-site scripting vulnerability due to $@. | test.js:84:22:84:29 | req.body | user-provided value |
| test.js:85:12:85:31 | snarkdown2(req.body) | test.js:85:23:85:30 | req.body | test.js:85:12:85:31 | snarkdown2(req.body) | Cross-site scripting vulnerability due to $@. | test.js:85:23:85:30 | req.body | user-provided value |
| test.js:97:12:97:19 | req.body | test.js:97:12:97:19 | req.body | test.js:97:12:97:19 | req.body | Cross-site scripting vulnerability due to $@. | test.js:97:12:97:19 | req.body | user-provided value |
| test.js:98:12:98:38 | markdow ... q.body) | test.js:98:30:98:37 | req.body | test.js:98:12:98:38 | markdow ... q.body) | Cross-site scripting vulnerability due to $@. | test.js:98:30:98:37 | req.body | user-provided value |
| test.js:100:12:100:39 | markdow ... q.body) | test.js:100:31:100:38 | req.body | test.js:100:12:100:39 | markdow ... q.body) | Cross-site scripting vulnerability due to $@. | test.js:100:31:100:38 | req.body | user-provided value |
| test.js:103:12:103:84 | markdow ... q.body) | test.js:103:76:103:83 | req.body | test.js:103:12:103:84 | markdow ... q.body) | Cross-site scripting vulnerability due to $@. | test.js:103:76:103:83 | req.body | user-provided value |
| test.js:110:16:110:30 | request.query.p | test.js:110:16:110:30 | request.query.p | test.js:110:16:110:30 | request.query.p | Cross-site scripting vulnerability due to $@. | test.js:110:16:110:30 | request.query.p | user-provided value |
