nodes
| test.js:71:26:71:45 | Cookie.get("unsafe") |
| test.js:71:26:71:45 | Cookie.get("unsafe") |
| test.js:71:26:71:45 | Cookie.get("unsafe") |
| test.js:71:26:71:45 | Cookie.get("unsafe") |
| test.js:71:26:71:45 | Cookie.get("unsafe") |
| test.js:87:48:87:60 | req.params[0] |
| test.js:87:48:87:60 | req.params[0] |
| test.js:87:48:87:60 | req.params[0] |
| test.js:87:48:87:60 | req.params[0] |
| test.js:87:48:87:60 | req.params[0] |
| test.js:87:48:87:60 | req.params[0] |
| test.js:95:30:95:31 | ev |
| test.js:95:30:95:31 | ev |
| test.js:95:30:95:31 | ev |
| test.js:95:30:95:31 | ev |
| test.js:95:30:95:31 | ev |
| test.js:96:24:96:25 | ev |
| test.js:96:24:96:25 | ev |
| test.js:96:24:96:25 | ev |
| test.js:96:24:96:25 | ev |
| test.js:96:24:96:30 | ev.data |
| test.js:96:24:96:30 | ev.data |
| test.js:96:24:96:30 | ev.data |
| test.js:96:24:96:30 | ev.data |
| test.js:136:6:136:47 | path |
| test.js:136:6:136:47 | path |
| test.js:136:6:136:47 | path |
| test.js:136:6:136:47 | path |
| test.js:136:6:136:47 | path |
| test.js:136:6:136:47 | path |
| test.js:136:6:136:47 | path |
| test.js:136:6:136:47 | path |
| test.js:136:6:136:47 | path |
| test.js:136:6:136:47 | path |
| test.js:136:6:136:47 | path |
| test.js:136:6:136:47 | path |
| test.js:136:6:136:47 | path |
| test.js:136:6:136:47 | path |
| test.js:136:6:136:47 | path |
| test.js:136:6:136:47 | path |
| test.js:136:13:136:36 | url.par ... , true) |
| test.js:136:13:136:36 | url.par ... , true) |
| test.js:136:13:136:36 | url.par ... , true) |
| test.js:136:13:136:36 | url.par ... , true) |
| test.js:136:13:136:36 | url.par ... , true) |
| test.js:136:13:136:36 | url.par ... , true) |
| test.js:136:13:136:36 | url.par ... , true) |
| test.js:136:13:136:36 | url.par ... , true) |
| test.js:136:13:136:36 | url.par ... , true) |
| test.js:136:13:136:36 | url.par ... , true) |
| test.js:136:13:136:36 | url.par ... , true) |
| test.js:136:13:136:36 | url.par ... , true) |
| test.js:136:13:136:36 | url.par ... , true) |
| test.js:136:13:136:36 | url.par ... , true) |
| test.js:136:13:136:36 | url.par ... , true) |
| test.js:136:13:136:36 | url.par ... , true) |
| test.js:136:13:136:42 | url.par ... ).query |
| test.js:136:13:136:42 | url.par ... ).query |
| test.js:136:13:136:42 | url.par ... ).query |
| test.js:136:13:136:42 | url.par ... ).query |
| test.js:136:13:136:42 | url.par ... ).query |
| test.js:136:13:136:42 | url.par ... ).query |
| test.js:136:13:136:42 | url.par ... ).query |
| test.js:136:13:136:42 | url.par ... ).query |
| test.js:136:13:136:42 | url.par ... ).query |
| test.js:136:13:136:42 | url.par ... ).query |
| test.js:136:13:136:42 | url.par ... ).query |
| test.js:136:13:136:42 | url.par ... ).query |
| test.js:136:13:136:42 | url.par ... ).query |
| test.js:136:13:136:42 | url.par ... ).query |
| test.js:136:13:136:42 | url.par ... ).query |
| test.js:136:13:136:42 | url.par ... ).query |
| test.js:136:13:136:47 | url.par ... ry.path |
| test.js:136:13:136:47 | url.par ... ry.path |
| test.js:136:13:136:47 | url.par ... ry.path |
| test.js:136:13:136:47 | url.par ... ry.path |
| test.js:136:13:136:47 | url.par ... ry.path |
| test.js:136:13:136:47 | url.par ... ry.path |
| test.js:136:13:136:47 | url.par ... ry.path |
| test.js:136:13:136:47 | url.par ... ry.path |
| test.js:136:13:136:47 | url.par ... ry.path |
| test.js:136:13:136:47 | url.par ... ry.path |
| test.js:136:13:136:47 | url.par ... ry.path |
| test.js:136:13:136:47 | url.par ... ry.path |
| test.js:136:13:136:47 | url.par ... ry.path |
| test.js:136:13:136:47 | url.par ... ry.path |
| test.js:136:13:136:47 | url.par ... ry.path |
| test.js:136:13:136:47 | url.par ... ry.path |
| test.js:136:23:136:29 | req.url |
| test.js:136:23:136:29 | req.url |
| test.js:136:23:136:29 | req.url |
| test.js:136:23:136:29 | req.url |
| test.js:136:23:136:29 | req.url |
| test.js:138:23:138:26 | path |
| test.js:138:23:138:26 | path |
| test.js:138:23:138:26 | path |
| test.js:138:23:138:26 | path |
| test.js:138:23:138:26 | path |
| test.js:138:23:138:26 | path |
| test.js:138:23:138:26 | path |
| test.js:138:23:138:26 | path |
| test.js:138:23:138:26 | path |
| test.js:138:23:138:26 | path |
| test.js:138:23:138:26 | path |
| test.js:138:23:138:26 | path |
| test.js:138:23:138:26 | path |
| test.js:138:23:138:26 | path |
| test.js:138:23:138:26 | path |
| test.js:138:23:138:26 | path |
| test.js:138:23:138:26 | path |
| test.js:211:7:211:48 | path |
| test.js:211:7:211:48 | path |
| test.js:211:7:211:48 | path |
| test.js:211:7:211:48 | path |
| test.js:211:7:211:48 | path |
| test.js:211:7:211:48 | path |
| test.js:211:7:211:48 | path |
| test.js:211:7:211:48 | path |
| test.js:211:7:211:48 | path |
| test.js:211:7:211:48 | path |
| test.js:211:7:211:48 | path |
| test.js:211:7:211:48 | path |
| test.js:211:7:211:48 | path |
| test.js:211:7:211:48 | path |
| test.js:211:7:211:48 | path |
| test.js:211:7:211:48 | path |
| test.js:211:14:211:37 | url.par ... , true) |
| test.js:211:14:211:37 | url.par ... , true) |
| test.js:211:14:211:37 | url.par ... , true) |
| test.js:211:14:211:37 | url.par ... , true) |
| test.js:211:14:211:37 | url.par ... , true) |
| test.js:211:14:211:37 | url.par ... , true) |
| test.js:211:14:211:37 | url.par ... , true) |
| test.js:211:14:211:37 | url.par ... , true) |
| test.js:211:14:211:37 | url.par ... , true) |
| test.js:211:14:211:37 | url.par ... , true) |
| test.js:211:14:211:37 | url.par ... , true) |
| test.js:211:14:211:37 | url.par ... , true) |
| test.js:211:14:211:37 | url.par ... , true) |
| test.js:211:14:211:37 | url.par ... , true) |
| test.js:211:14:211:37 | url.par ... , true) |
| test.js:211:14:211:37 | url.par ... , true) |
| test.js:211:14:211:43 | url.par ... ).query |
| test.js:211:14:211:43 | url.par ... ).query |
| test.js:211:14:211:43 | url.par ... ).query |
| test.js:211:14:211:43 | url.par ... ).query |
| test.js:211:14:211:43 | url.par ... ).query |
| test.js:211:14:211:43 | url.par ... ).query |
| test.js:211:14:211:43 | url.par ... ).query |
| test.js:211:14:211:43 | url.par ... ).query |
| test.js:211:14:211:43 | url.par ... ).query |
| test.js:211:14:211:43 | url.par ... ).query |
| test.js:211:14:211:43 | url.par ... ).query |
| test.js:211:14:211:43 | url.par ... ).query |
| test.js:211:14:211:43 | url.par ... ).query |
| test.js:211:14:211:43 | url.par ... ).query |
| test.js:211:14:211:43 | url.par ... ).query |
| test.js:211:14:211:43 | url.par ... ).query |
| test.js:211:14:211:48 | url.par ... ry.path |
| test.js:211:14:211:48 | url.par ... ry.path |
| test.js:211:14:211:48 | url.par ... ry.path |
| test.js:211:14:211:48 | url.par ... ry.path |
| test.js:211:14:211:48 | url.par ... ry.path |
| test.js:211:14:211:48 | url.par ... ry.path |
| test.js:211:14:211:48 | url.par ... ry.path |
| test.js:211:14:211:48 | url.par ... ry.path |
| test.js:211:14:211:48 | url.par ... ry.path |
| test.js:211:14:211:48 | url.par ... ry.path |
| test.js:211:14:211:48 | url.par ... ry.path |
| test.js:211:14:211:48 | url.par ... ry.path |
| test.js:211:14:211:48 | url.par ... ry.path |
| test.js:211:14:211:48 | url.par ... ry.path |
| test.js:211:14:211:48 | url.par ... ry.path |
| test.js:211:14:211:48 | url.par ... ry.path |
| test.js:211:24:211:30 | req.url |
| test.js:211:24:211:30 | req.url |
| test.js:211:24:211:30 | req.url |
| test.js:211:24:211:30 | req.url |
| test.js:211:24:211:30 | req.url |
| test.js:212:31:212:34 | path |
| test.js:212:31:212:34 | path |
| test.js:212:31:212:34 | path |
| test.js:212:31:212:34 | path |
| test.js:212:31:212:34 | path |
| test.js:212:31:212:34 | path |
| test.js:212:31:212:34 | path |
| test.js:212:31:212:34 | path |
| test.js:212:31:212:34 | path |
| test.js:212:31:212:34 | path |
| test.js:212:31:212:34 | path |
| test.js:212:31:212:34 | path |
| test.js:212:31:212:34 | path |
| test.js:212:31:212:34 | path |
| test.js:212:31:212:34 | path |
| test.js:212:31:212:34 | path |
| test.js:212:31:212:34 | path |
| test.js:213:45:213:48 | path |
| test.js:213:45:213:48 | path |
| test.js:213:45:213:48 | path |
| test.js:213:45:213:48 | path |
| test.js:213:45:213:48 | path |
| test.js:213:45:213:48 | path |
| test.js:213:45:213:48 | path |
| test.js:213:45:213:48 | path |
| test.js:213:45:213:48 | path |
| test.js:213:45:213:48 | path |
| test.js:213:45:213:48 | path |
| test.js:213:45:213:48 | path |
| test.js:213:45:213:48 | path |
| test.js:213:45:213:48 | path |
| test.js:213:45:213:48 | path |
| test.js:213:45:213:48 | path |
| test.js:213:45:213:48 | path |
| test.js:214:35:214:38 | path |
| test.js:214:35:214:38 | path |
| test.js:214:35:214:38 | path |
| test.js:214:35:214:38 | path |
| test.js:214:35:214:38 | path |
| test.js:214:35:214:38 | path |
| test.js:214:35:214:38 | path |
| test.js:214:35:214:38 | path |
| test.js:214:35:214:38 | path |
| test.js:214:35:214:38 | path |
| test.js:214:35:214:38 | path |
| test.js:214:35:214:38 | path |
| test.js:214:35:214:38 | path |
| test.js:214:35:214:38 | path |
| test.js:214:35:214:38 | path |
| test.js:214:35:214:38 | path |
| test.js:214:35:214:38 | path |
edges
| test.js:87:48:87:60 | req.params[0] | test.js:87:48:87:60 | req.params[0] |
| test.js:95:30:95:31 | ev | test.js:96:24:96:25 | ev |
| test.js:95:30:95:31 | ev | test.js:96:24:96:25 | ev |
| test.js:95:30:95:31 | ev | test.js:96:24:96:25 | ev |
| test.js:95:30:95:31 | ev | test.js:96:24:96:25 | ev |
| test.js:95:30:95:31 | ev | test.js:96:24:96:25 | ev |
| test.js:95:30:95:31 | ev | test.js:96:24:96:25 | ev |
| test.js:95:30:95:31 | ev | test.js:96:24:96:25 | ev |
| test.js:95:30:95:31 | ev | test.js:96:24:96:25 | ev |
| test.js:96:24:96:25 | ev | test.js:96:24:96:30 | ev.data |
| test.js:96:24:96:25 | ev | test.js:96:24:96:30 | ev.data |
| test.js:96:24:96:25 | ev | test.js:96:24:96:30 | ev.data |
| test.js:96:24:96:25 | ev | test.js:96:24:96:30 | ev.data |
| test.js:96:24:96:30 | ev.data | test.js:71:26:71:45 | Cookie.get("unsafe") |
| test.js:96:24:96:30 | ev.data | test.js:71:26:71:45 | Cookie.get("unsafe") |
| test.js:96:24:96:30 | ev.data | test.js:71:26:71:45 | Cookie.get("unsafe") |
| test.js:96:24:96:30 | ev.data | test.js:71:26:71:45 | Cookie.get("unsafe") |
| test.js:96:24:96:30 | ev.data | test.js:71:26:71:45 | Cookie.get("unsafe") |
| test.js:96:24:96:30 | ev.data | test.js:71:26:71:45 | Cookie.get("unsafe") |
| test.js:96:24:96:30 | ev.data | test.js:71:26:71:45 | Cookie.get("unsafe") |
| test.js:96:24:96:30 | ev.data | test.js:71:26:71:45 | Cookie.get("unsafe") |
| test.js:136:6:136:47 | path | test.js:138:23:138:26 | path |
| test.js:136:6:136:47 | path | test.js:138:23:138:26 | path |
| test.js:136:6:136:47 | path | test.js:138:23:138:26 | path |
| test.js:136:6:136:47 | path | test.js:138:23:138:26 | path |
| test.js:136:6:136:47 | path | test.js:138:23:138:26 | path |
| test.js:136:6:136:47 | path | test.js:138:23:138:26 | path |
| test.js:136:6:136:47 | path | test.js:138:23:138:26 | path |
| test.js:136:6:136:47 | path | test.js:138:23:138:26 | path |
| test.js:136:6:136:47 | path | test.js:138:23:138:26 | path |
| test.js:136:6:136:47 | path | test.js:138:23:138:26 | path |
| test.js:136:6:136:47 | path | test.js:138:23:138:26 | path |
| test.js:136:6:136:47 | path | test.js:138:23:138:26 | path |
| test.js:136:6:136:47 | path | test.js:138:23:138:26 | path |
| test.js:136:6:136:47 | path | test.js:138:23:138:26 | path |
| test.js:136:6:136:47 | path | test.js:138:23:138:26 | path |
| test.js:136:6:136:47 | path | test.js:138:23:138:26 | path |
| test.js:136:6:136:47 | path | test.js:138:23:138:26 | path |
| test.js:136:6:136:47 | path | test.js:138:23:138:26 | path |
| test.js:136:6:136:47 | path | test.js:138:23:138:26 | path |
| test.js:136:6:136:47 | path | test.js:138:23:138:26 | path |
| test.js:136:6:136:47 | path | test.js:138:23:138:26 | path |
| test.js:136:6:136:47 | path | test.js:138:23:138:26 | path |
| test.js:136:6:136:47 | path | test.js:138:23:138:26 | path |
| test.js:136:6:136:47 | path | test.js:138:23:138:26 | path |
| test.js:136:6:136:47 | path | test.js:138:23:138:26 | path |
| test.js:136:6:136:47 | path | test.js:138:23:138:26 | path |
| test.js:136:6:136:47 | path | test.js:138:23:138:26 | path |
| test.js:136:6:136:47 | path | test.js:138:23:138:26 | path |
| test.js:136:6:136:47 | path | test.js:138:23:138:26 | path |
| test.js:136:6:136:47 | path | test.js:138:23:138:26 | path |
| test.js:136:6:136:47 | path | test.js:138:23:138:26 | path |
| test.js:136:6:136:47 | path | test.js:138:23:138:26 | path |
| test.js:136:13:136:36 | url.par ... , true) | test.js:136:13:136:42 | url.par ... ).query |
| test.js:136:13:136:36 | url.par ... , true) | test.js:136:13:136:42 | url.par ... ).query |
| test.js:136:13:136:36 | url.par ... , true) | test.js:136:13:136:42 | url.par ... ).query |
| test.js:136:13:136:36 | url.par ... , true) | test.js:136:13:136:42 | url.par ... ).query |
| test.js:136:13:136:36 | url.par ... , true) | test.js:136:13:136:42 | url.par ... ).query |
| test.js:136:13:136:36 | url.par ... , true) | test.js:136:13:136:42 | url.par ... ).query |
| test.js:136:13:136:36 | url.par ... , true) | test.js:136:13:136:42 | url.par ... ).query |
| test.js:136:13:136:36 | url.par ... , true) | test.js:136:13:136:42 | url.par ... ).query |
| test.js:136:13:136:36 | url.par ... , true) | test.js:136:13:136:42 | url.par ... ).query |
| test.js:136:13:136:36 | url.par ... , true) | test.js:136:13:136:42 | url.par ... ).query |
| test.js:136:13:136:36 | url.par ... , true) | test.js:136:13:136:42 | url.par ... ).query |
| test.js:136:13:136:36 | url.par ... , true) | test.js:136:13:136:42 | url.par ... ).query |
| test.js:136:13:136:36 | url.par ... , true) | test.js:136:13:136:42 | url.par ... ).query |
| test.js:136:13:136:36 | url.par ... , true) | test.js:136:13:136:42 | url.par ... ).query |
| test.js:136:13:136:36 | url.par ... , true) | test.js:136:13:136:42 | url.par ... ).query |
| test.js:136:13:136:36 | url.par ... , true) | test.js:136:13:136:42 | url.par ... ).query |
| test.js:136:13:136:42 | url.par ... ).query | test.js:136:13:136:47 | url.par ... ry.path |
| test.js:136:13:136:42 | url.par ... ).query | test.js:136:13:136:47 | url.par ... ry.path |
| test.js:136:13:136:42 | url.par ... ).query | test.js:136:13:136:47 | url.par ... ry.path |
| test.js:136:13:136:42 | url.par ... ).query | test.js:136:13:136:47 | url.par ... ry.path |
| test.js:136:13:136:42 | url.par ... ).query | test.js:136:13:136:47 | url.par ... ry.path |
| test.js:136:13:136:42 | url.par ... ).query | test.js:136:13:136:47 | url.par ... ry.path |
| test.js:136:13:136:42 | url.par ... ).query | test.js:136:13:136:47 | url.par ... ry.path |
| test.js:136:13:136:42 | url.par ... ).query | test.js:136:13:136:47 | url.par ... ry.path |
| test.js:136:13:136:42 | url.par ... ).query | test.js:136:13:136:47 | url.par ... ry.path |
| test.js:136:13:136:42 | url.par ... ).query | test.js:136:13:136:47 | url.par ... ry.path |
| test.js:136:13:136:42 | url.par ... ).query | test.js:136:13:136:47 | url.par ... ry.path |
| test.js:136:13:136:42 | url.par ... ).query | test.js:136:13:136:47 | url.par ... ry.path |
| test.js:136:13:136:42 | url.par ... ).query | test.js:136:13:136:47 | url.par ... ry.path |
| test.js:136:13:136:42 | url.par ... ).query | test.js:136:13:136:47 | url.par ... ry.path |
| test.js:136:13:136:42 | url.par ... ).query | test.js:136:13:136:47 | url.par ... ry.path |
| test.js:136:13:136:42 | url.par ... ).query | test.js:136:13:136:47 | url.par ... ry.path |
| test.js:136:13:136:47 | url.par ... ry.path | test.js:136:6:136:47 | path |
| test.js:136:13:136:47 | url.par ... ry.path | test.js:136:6:136:47 | path |
| test.js:136:13:136:47 | url.par ... ry.path | test.js:136:6:136:47 | path |
| test.js:136:13:136:47 | url.par ... ry.path | test.js:136:6:136:47 | path |
| test.js:136:13:136:47 | url.par ... ry.path | test.js:136:6:136:47 | path |
| test.js:136:13:136:47 | url.par ... ry.path | test.js:136:6:136:47 | path |
| test.js:136:13:136:47 | url.par ... ry.path | test.js:136:6:136:47 | path |
| test.js:136:13:136:47 | url.par ... ry.path | test.js:136:6:136:47 | path |
| test.js:136:13:136:47 | url.par ... ry.path | test.js:136:6:136:47 | path |
| test.js:136:13:136:47 | url.par ... ry.path | test.js:136:6:136:47 | path |
| test.js:136:13:136:47 | url.par ... ry.path | test.js:136:6:136:47 | path |
| test.js:136:13:136:47 | url.par ... ry.path | test.js:136:6:136:47 | path |
| test.js:136:13:136:47 | url.par ... ry.path | test.js:136:6:136:47 | path |
| test.js:136:13:136:47 | url.par ... ry.path | test.js:136:6:136:47 | path |
| test.js:136:13:136:47 | url.par ... ry.path | test.js:136:6:136:47 | path |
| test.js:136:13:136:47 | url.par ... ry.path | test.js:136:6:136:47 | path |
| test.js:136:23:136:29 | req.url | test.js:136:13:136:36 | url.par ... , true) |
| test.js:136:23:136:29 | req.url | test.js:136:13:136:36 | url.par ... , true) |
| test.js:136:23:136:29 | req.url | test.js:136:13:136:36 | url.par ... , true) |
| test.js:136:23:136:29 | req.url | test.js:136:13:136:36 | url.par ... , true) |
| test.js:136:23:136:29 | req.url | test.js:136:13:136:36 | url.par ... , true) |
| test.js:136:23:136:29 | req.url | test.js:136:13:136:36 | url.par ... , true) |
| test.js:136:23:136:29 | req.url | test.js:136:13:136:36 | url.par ... , true) |
| test.js:136:23:136:29 | req.url | test.js:136:13:136:36 | url.par ... , true) |
| test.js:136:23:136:29 | req.url | test.js:136:13:136:36 | url.par ... , true) |
| test.js:136:23:136:29 | req.url | test.js:136:13:136:36 | url.par ... , true) |
| test.js:136:23:136:29 | req.url | test.js:136:13:136:36 | url.par ... , true) |
| test.js:136:23:136:29 | req.url | test.js:136:13:136:36 | url.par ... , true) |
| test.js:136:23:136:29 | req.url | test.js:136:13:136:36 | url.par ... , true) |
| test.js:136:23:136:29 | req.url | test.js:136:13:136:36 | url.par ... , true) |
| test.js:136:23:136:29 | req.url | test.js:136:13:136:36 | url.par ... , true) |
| test.js:136:23:136:29 | req.url | test.js:136:13:136:36 | url.par ... , true) |
| test.js:136:23:136:29 | req.url | test.js:136:13:136:36 | url.par ... , true) |
| test.js:136:23:136:29 | req.url | test.js:136:13:136:36 | url.par ... , true) |
| test.js:136:23:136:29 | req.url | test.js:136:13:136:36 | url.par ... , true) |
| test.js:136:23:136:29 | req.url | test.js:136:13:136:36 | url.par ... , true) |
| test.js:136:23:136:29 | req.url | test.js:136:13:136:36 | url.par ... , true) |
| test.js:136:23:136:29 | req.url | test.js:136:13:136:36 | url.par ... , true) |
| test.js:136:23:136:29 | req.url | test.js:136:13:136:36 | url.par ... , true) |
| test.js:136:23:136:29 | req.url | test.js:136:13:136:36 | url.par ... , true) |
| test.js:136:23:136:29 | req.url | test.js:136:13:136:36 | url.par ... , true) |
| test.js:136:23:136:29 | req.url | test.js:136:13:136:36 | url.par ... , true) |
| test.js:136:23:136:29 | req.url | test.js:136:13:136:36 | url.par ... , true) |
| test.js:136:23:136:29 | req.url | test.js:136:13:136:36 | url.par ... , true) |
| test.js:136:23:136:29 | req.url | test.js:136:13:136:36 | url.par ... , true) |
| test.js:136:23:136:29 | req.url | test.js:136:13:136:36 | url.par ... , true) |
| test.js:136:23:136:29 | req.url | test.js:136:13:136:36 | url.par ... , true) |
| test.js:136:23:136:29 | req.url | test.js:136:13:136:36 | url.par ... , true) |
| test.js:211:7:211:48 | path | test.js:212:31:212:34 | path |
| test.js:211:7:211:48 | path | test.js:212:31:212:34 | path |
| test.js:211:7:211:48 | path | test.js:212:31:212:34 | path |
| test.js:211:7:211:48 | path | test.js:212:31:212:34 | path |
| test.js:211:7:211:48 | path | test.js:212:31:212:34 | path |
| test.js:211:7:211:48 | path | test.js:212:31:212:34 | path |
| test.js:211:7:211:48 | path | test.js:212:31:212:34 | path |
| test.js:211:7:211:48 | path | test.js:212:31:212:34 | path |
| test.js:211:7:211:48 | path | test.js:212:31:212:34 | path |
| test.js:211:7:211:48 | path | test.js:212:31:212:34 | path |
| test.js:211:7:211:48 | path | test.js:212:31:212:34 | path |
| test.js:211:7:211:48 | path | test.js:212:31:212:34 | path |
| test.js:211:7:211:48 | path | test.js:212:31:212:34 | path |
| test.js:211:7:211:48 | path | test.js:212:31:212:34 | path |
| test.js:211:7:211:48 | path | test.js:212:31:212:34 | path |
| test.js:211:7:211:48 | path | test.js:212:31:212:34 | path |
| test.js:211:7:211:48 | path | test.js:212:31:212:34 | path |
| test.js:211:7:211:48 | path | test.js:212:31:212:34 | path |
| test.js:211:7:211:48 | path | test.js:212:31:212:34 | path |
| test.js:211:7:211:48 | path | test.js:212:31:212:34 | path |
| test.js:211:7:211:48 | path | test.js:212:31:212:34 | path |
| test.js:211:7:211:48 | path | test.js:212:31:212:34 | path |
| test.js:211:7:211:48 | path | test.js:212:31:212:34 | path |
| test.js:211:7:211:48 | path | test.js:212:31:212:34 | path |
| test.js:211:7:211:48 | path | test.js:212:31:212:34 | path |
| test.js:211:7:211:48 | path | test.js:212:31:212:34 | path |
| test.js:211:7:211:48 | path | test.js:212:31:212:34 | path |
| test.js:211:7:211:48 | path | test.js:212:31:212:34 | path |
| test.js:211:7:211:48 | path | test.js:212:31:212:34 | path |
| test.js:211:7:211:48 | path | test.js:212:31:212:34 | path |
| test.js:211:7:211:48 | path | test.js:212:31:212:34 | path |
| test.js:211:7:211:48 | path | test.js:212:31:212:34 | path |
| test.js:211:7:211:48 | path | test.js:213:45:213:48 | path |
| test.js:211:7:211:48 | path | test.js:213:45:213:48 | path |
| test.js:211:7:211:48 | path | test.js:213:45:213:48 | path |
| test.js:211:7:211:48 | path | test.js:213:45:213:48 | path |
| test.js:211:7:211:48 | path | test.js:213:45:213:48 | path |
| test.js:211:7:211:48 | path | test.js:213:45:213:48 | path |
| test.js:211:7:211:48 | path | test.js:213:45:213:48 | path |
| test.js:211:7:211:48 | path | test.js:213:45:213:48 | path |
| test.js:211:7:211:48 | path | test.js:213:45:213:48 | path |
| test.js:211:7:211:48 | path | test.js:213:45:213:48 | path |
| test.js:211:7:211:48 | path | test.js:213:45:213:48 | path |
| test.js:211:7:211:48 | path | test.js:213:45:213:48 | path |
| test.js:211:7:211:48 | path | test.js:213:45:213:48 | path |
| test.js:211:7:211:48 | path | test.js:213:45:213:48 | path |
| test.js:211:7:211:48 | path | test.js:213:45:213:48 | path |
| test.js:211:7:211:48 | path | test.js:213:45:213:48 | path |
| test.js:211:7:211:48 | path | test.js:213:45:213:48 | path |
| test.js:211:7:211:48 | path | test.js:213:45:213:48 | path |
| test.js:211:7:211:48 | path | test.js:213:45:213:48 | path |
| test.js:211:7:211:48 | path | test.js:213:45:213:48 | path |
| test.js:211:7:211:48 | path | test.js:213:45:213:48 | path |
| test.js:211:7:211:48 | path | test.js:213:45:213:48 | path |
| test.js:211:7:211:48 | path | test.js:213:45:213:48 | path |
| test.js:211:7:211:48 | path | test.js:213:45:213:48 | path |
| test.js:211:7:211:48 | path | test.js:213:45:213:48 | path |
| test.js:211:7:211:48 | path | test.js:213:45:213:48 | path |
| test.js:211:7:211:48 | path | test.js:213:45:213:48 | path |
| test.js:211:7:211:48 | path | test.js:213:45:213:48 | path |
| test.js:211:7:211:48 | path | test.js:213:45:213:48 | path |
| test.js:211:7:211:48 | path | test.js:213:45:213:48 | path |
| test.js:211:7:211:48 | path | test.js:213:45:213:48 | path |
| test.js:211:7:211:48 | path | test.js:213:45:213:48 | path |
| test.js:211:7:211:48 | path | test.js:214:35:214:38 | path |
| test.js:211:7:211:48 | path | test.js:214:35:214:38 | path |
| test.js:211:7:211:48 | path | test.js:214:35:214:38 | path |
| test.js:211:7:211:48 | path | test.js:214:35:214:38 | path |
| test.js:211:7:211:48 | path | test.js:214:35:214:38 | path |
| test.js:211:7:211:48 | path | test.js:214:35:214:38 | path |
| test.js:211:7:211:48 | path | test.js:214:35:214:38 | path |
| test.js:211:7:211:48 | path | test.js:214:35:214:38 | path |
| test.js:211:7:211:48 | path | test.js:214:35:214:38 | path |
| test.js:211:7:211:48 | path | test.js:214:35:214:38 | path |
| test.js:211:7:211:48 | path | test.js:214:35:214:38 | path |
| test.js:211:7:211:48 | path | test.js:214:35:214:38 | path |
| test.js:211:7:211:48 | path | test.js:214:35:214:38 | path |
| test.js:211:7:211:48 | path | test.js:214:35:214:38 | path |
| test.js:211:7:211:48 | path | test.js:214:35:214:38 | path |
| test.js:211:7:211:48 | path | test.js:214:35:214:38 | path |
| test.js:211:7:211:48 | path | test.js:214:35:214:38 | path |
| test.js:211:7:211:48 | path | test.js:214:35:214:38 | path |
| test.js:211:7:211:48 | path | test.js:214:35:214:38 | path |
| test.js:211:7:211:48 | path | test.js:214:35:214:38 | path |
| test.js:211:7:211:48 | path | test.js:214:35:214:38 | path |
| test.js:211:7:211:48 | path | test.js:214:35:214:38 | path |
| test.js:211:7:211:48 | path | test.js:214:35:214:38 | path |
| test.js:211:7:211:48 | path | test.js:214:35:214:38 | path |
| test.js:211:7:211:48 | path | test.js:214:35:214:38 | path |
| test.js:211:7:211:48 | path | test.js:214:35:214:38 | path |
| test.js:211:7:211:48 | path | test.js:214:35:214:38 | path |
| test.js:211:7:211:48 | path | test.js:214:35:214:38 | path |
| test.js:211:7:211:48 | path | test.js:214:35:214:38 | path |
| test.js:211:7:211:48 | path | test.js:214:35:214:38 | path |
| test.js:211:7:211:48 | path | test.js:214:35:214:38 | path |
| test.js:211:7:211:48 | path | test.js:214:35:214:38 | path |
| test.js:211:14:211:37 | url.par ... , true) | test.js:211:14:211:43 | url.par ... ).query |
| test.js:211:14:211:37 | url.par ... , true) | test.js:211:14:211:43 | url.par ... ).query |
| test.js:211:14:211:37 | url.par ... , true) | test.js:211:14:211:43 | url.par ... ).query |
| test.js:211:14:211:37 | url.par ... , true) | test.js:211:14:211:43 | url.par ... ).query |
| test.js:211:14:211:37 | url.par ... , true) | test.js:211:14:211:43 | url.par ... ).query |
| test.js:211:14:211:37 | url.par ... , true) | test.js:211:14:211:43 | url.par ... ).query |
| test.js:211:14:211:37 | url.par ... , true) | test.js:211:14:211:43 | url.par ... ).query |
| test.js:211:14:211:37 | url.par ... , true) | test.js:211:14:211:43 | url.par ... ).query |
| test.js:211:14:211:37 | url.par ... , true) | test.js:211:14:211:43 | url.par ... ).query |
| test.js:211:14:211:37 | url.par ... , true) | test.js:211:14:211:43 | url.par ... ).query |
| test.js:211:14:211:37 | url.par ... , true) | test.js:211:14:211:43 | url.par ... ).query |
| test.js:211:14:211:37 | url.par ... , true) | test.js:211:14:211:43 | url.par ... ).query |
| test.js:211:14:211:37 | url.par ... , true) | test.js:211:14:211:43 | url.par ... ).query |
| test.js:211:14:211:37 | url.par ... , true) | test.js:211:14:211:43 | url.par ... ).query |
| test.js:211:14:211:37 | url.par ... , true) | test.js:211:14:211:43 | url.par ... ).query |
| test.js:211:14:211:37 | url.par ... , true) | test.js:211:14:211:43 | url.par ... ).query |
| test.js:211:14:211:43 | url.par ... ).query | test.js:211:14:211:48 | url.par ... ry.path |
| test.js:211:14:211:43 | url.par ... ).query | test.js:211:14:211:48 | url.par ... ry.path |
| test.js:211:14:211:43 | url.par ... ).query | test.js:211:14:211:48 | url.par ... ry.path |
| test.js:211:14:211:43 | url.par ... ).query | test.js:211:14:211:48 | url.par ... ry.path |
| test.js:211:14:211:43 | url.par ... ).query | test.js:211:14:211:48 | url.par ... ry.path |
| test.js:211:14:211:43 | url.par ... ).query | test.js:211:14:211:48 | url.par ... ry.path |
| test.js:211:14:211:43 | url.par ... ).query | test.js:211:14:211:48 | url.par ... ry.path |
| test.js:211:14:211:43 | url.par ... ).query | test.js:211:14:211:48 | url.par ... ry.path |
| test.js:211:14:211:43 | url.par ... ).query | test.js:211:14:211:48 | url.par ... ry.path |
| test.js:211:14:211:43 | url.par ... ).query | test.js:211:14:211:48 | url.par ... ry.path |
| test.js:211:14:211:43 | url.par ... ).query | test.js:211:14:211:48 | url.par ... ry.path |
| test.js:211:14:211:43 | url.par ... ).query | test.js:211:14:211:48 | url.par ... ry.path |
| test.js:211:14:211:43 | url.par ... ).query | test.js:211:14:211:48 | url.par ... ry.path |
| test.js:211:14:211:43 | url.par ... ).query | test.js:211:14:211:48 | url.par ... ry.path |
| test.js:211:14:211:43 | url.par ... ).query | test.js:211:14:211:48 | url.par ... ry.path |
| test.js:211:14:211:43 | url.par ... ).query | test.js:211:14:211:48 | url.par ... ry.path |
| test.js:211:14:211:48 | url.par ... ry.path | test.js:211:7:211:48 | path |
| test.js:211:14:211:48 | url.par ... ry.path | test.js:211:7:211:48 | path |
| test.js:211:14:211:48 | url.par ... ry.path | test.js:211:7:211:48 | path |
| test.js:211:14:211:48 | url.par ... ry.path | test.js:211:7:211:48 | path |
| test.js:211:14:211:48 | url.par ... ry.path | test.js:211:7:211:48 | path |
| test.js:211:14:211:48 | url.par ... ry.path | test.js:211:7:211:48 | path |
| test.js:211:14:211:48 | url.par ... ry.path | test.js:211:7:211:48 | path |
| test.js:211:14:211:48 | url.par ... ry.path | test.js:211:7:211:48 | path |
| test.js:211:14:211:48 | url.par ... ry.path | test.js:211:7:211:48 | path |
| test.js:211:14:211:48 | url.par ... ry.path | test.js:211:7:211:48 | path |
| test.js:211:14:211:48 | url.par ... ry.path | test.js:211:7:211:48 | path |
| test.js:211:14:211:48 | url.par ... ry.path | test.js:211:7:211:48 | path |
| test.js:211:14:211:48 | url.par ... ry.path | test.js:211:7:211:48 | path |
| test.js:211:14:211:48 | url.par ... ry.path | test.js:211:7:211:48 | path |
| test.js:211:14:211:48 | url.par ... ry.path | test.js:211:7:211:48 | path |
| test.js:211:14:211:48 | url.par ... ry.path | test.js:211:7:211:48 | path |
| test.js:211:24:211:30 | req.url | test.js:211:14:211:37 | url.par ... , true) |
| test.js:211:24:211:30 | req.url | test.js:211:14:211:37 | url.par ... , true) |
| test.js:211:24:211:30 | req.url | test.js:211:14:211:37 | url.par ... , true) |
| test.js:211:24:211:30 | req.url | test.js:211:14:211:37 | url.par ... , true) |
| test.js:211:24:211:30 | req.url | test.js:211:14:211:37 | url.par ... , true) |
| test.js:211:24:211:30 | req.url | test.js:211:14:211:37 | url.par ... , true) |
| test.js:211:24:211:30 | req.url | test.js:211:14:211:37 | url.par ... , true) |
| test.js:211:24:211:30 | req.url | test.js:211:14:211:37 | url.par ... , true) |
| test.js:211:24:211:30 | req.url | test.js:211:14:211:37 | url.par ... , true) |
| test.js:211:24:211:30 | req.url | test.js:211:14:211:37 | url.par ... , true) |
| test.js:211:24:211:30 | req.url | test.js:211:14:211:37 | url.par ... , true) |
| test.js:211:24:211:30 | req.url | test.js:211:14:211:37 | url.par ... , true) |
| test.js:211:24:211:30 | req.url | test.js:211:14:211:37 | url.par ... , true) |
| test.js:211:24:211:30 | req.url | test.js:211:14:211:37 | url.par ... , true) |
| test.js:211:24:211:30 | req.url | test.js:211:14:211:37 | url.par ... , true) |
| test.js:211:24:211:30 | req.url | test.js:211:14:211:37 | url.par ... , true) |
| test.js:211:24:211:30 | req.url | test.js:211:14:211:37 | url.par ... , true) |
| test.js:211:24:211:30 | req.url | test.js:211:14:211:37 | url.par ... , true) |
| test.js:211:24:211:30 | req.url | test.js:211:14:211:37 | url.par ... , true) |
| test.js:211:24:211:30 | req.url | test.js:211:14:211:37 | url.par ... , true) |
| test.js:211:24:211:30 | req.url | test.js:211:14:211:37 | url.par ... , true) |
| test.js:211:24:211:30 | req.url | test.js:211:14:211:37 | url.par ... , true) |
| test.js:211:24:211:30 | req.url | test.js:211:14:211:37 | url.par ... , true) |
| test.js:211:24:211:30 | req.url | test.js:211:14:211:37 | url.par ... , true) |
| test.js:211:24:211:30 | req.url | test.js:211:14:211:37 | url.par ... , true) |
| test.js:211:24:211:30 | req.url | test.js:211:14:211:37 | url.par ... , true) |
| test.js:211:24:211:30 | req.url | test.js:211:14:211:37 | url.par ... , true) |
| test.js:211:24:211:30 | req.url | test.js:211:14:211:37 | url.par ... , true) |
| test.js:211:24:211:30 | req.url | test.js:211:14:211:37 | url.par ... , true) |
| test.js:211:24:211:30 | req.url | test.js:211:14:211:37 | url.par ... , true) |
| test.js:211:24:211:30 | req.url | test.js:211:14:211:37 | url.par ... , true) |
| test.js:211:24:211:30 | req.url | test.js:211:14:211:37 | url.par ... , true) |
#select
| test.js:71:26:71:45 | Cookie.get("unsafe") | test.js:95:30:95:31 | ev | test.js:71:26:71:45 | Cookie.get("unsafe") | This path depends on $@. | test.js:95:30:95:31 | ev | a user-provided value |
| test.js:87:48:87:60 | req.params[0] | test.js:87:48:87:60 | req.params[0] | test.js:87:48:87:60 | req.params[0] | This path depends on $@. | test.js:87:48:87:60 | req.params[0] | a user-provided value |
| test.js:138:23:138:26 | path | test.js:136:23:136:29 | req.url | test.js:138:23:138:26 | path | This path depends on $@. | test.js:136:23:136:29 | req.url | a user-provided value |
| test.js:212:31:212:34 | path | test.js:211:24:211:30 | req.url | test.js:212:31:212:34 | path | This path depends on $@. | test.js:211:24:211:30 | req.url | a user-provided value |
| test.js:213:45:213:48 | path | test.js:211:24:211:30 | req.url | test.js:213:45:213:48 | path | This path depends on $@. | test.js:211:24:211:30 | req.url | a user-provided value |
| test.js:214:35:214:38 | path | test.js:211:24:211:30 | req.url | test.js:214:35:214:38 | path | This path depends on $@. | test.js:211:24:211:30 | req.url | a user-provided value |
